9	files/u1/html-small.jpg	http://0.0.0.0:8001/files/u1/html-small.jpg	https://insights.ubuntu.com/
32	download/server05:04	http://0.0.0.0:8001/download/server05:04	http://0.0.0.0:8001/download/server
33	download/serverGyakorl	http://0.0.0.0:8001/download/serverGyakorl	http://0.0.0.0:8001/download/server
34	download/serverLive	http://0.0.0.0:8001/download/serverLive	http://0.0.0.0:8001/download/server
35	download/serverNotas	http://0.0.0.0:8001/download/serverNotas	http://0.0.0.0:8001/download/server
77	business/server/services	http://0.0.0.0:8001/server	http://0.0.0.0:8001/server/management
84	cloud/jumpstart-training/contact-us	http://0.0.0.0:8001/cloud/training	http://0.0.0.0:8001/cloud/contact-us?product=cloud-training
85	cloud/jumpstart-training/order	http://0.0.0.0:8001/cloud/training	http://0.0.0.0:8001/cloud/contact-us?product=cloud-training
86	cloud/jumpstart	http://0.0.0.0:8001/cloud	http://0.0.0.0:8001/cloud/training
87	cloud/jumpstart/contact-us	http://0.0.0.0:8001/cloud	http://0.0.0.0:8001/cloud/contact-us?product=cloud-training
92	cloud/tools/jumpstart-training/contact-us	http://0.0.0.0:8001/cloud/training	http://0.0.0.0:8001/cloud/contact-us?product=cloud-training
93	cloud/tools/jumpstart-training/order	http://0.0.0.0:8001/cloud/training	http://0.0.0.0:8001/cloud/contact-us?product=cloud-training
95	cloud/tools/jumpstart/contact-us	http://0.0.0.0:8001/cloud/training	http://0.0.0.0:8001/cloud/contact-us?product=cloud-training
107	desktop/get-ubuntu/download-zh%20/	http://0.0.0.0:8001/download	http://0.0.0.0:8001/download/desktop
108	desktop/get-ubuntu/download-zh/	http://0.0.0.0:8001/download	http://0.0.0.0:8001/download/ubuntu-kylin
118	desktop/get-ubuntu/download%20/	http://0.0.0.0:8001/download	http://0.0.0.0:8001/download/desktop
119	desktop/get-ubuntu/download).	http://0.0.0.0:8001/download	http://0.0.0.0:8001/download/desktop
120	desktop/get-ubuntu/download)	http://0.0.0.0:8001/download	http://0.0.0.0:8001/download/desktop
121	desktop/get-ubuntu/download-ko	http://0.0.0.0:8001/download	http://0.0.0.0:8001/download/desktop
122	desktop/get-ubuntu/download-kr	http://0.0.0.0:8001/download	http://0.0.0.0:8001/download/desktop
123	desktop/get-ubuntu/download.	http://0.0.0.0:8001/download	http://0.0.0.0:8001/download/desktop
124	desktop/get-ubuntu/download/:	http://0.0.0.0:8001/download	http://0.0.0.0:8001/download/desktop
195	support/supportoptions/paidsupport]		http://0.0.0.0:8001/support
201	testing	http://0.0.0.0:8001/testing	http://0.0.0.0:8001/info/testing
266	testing/maverick/beta ubuntu.com	http://0.0.0.0:8001/testing/maverick/beta ubuntu.com	https://wiki.ubuntu.com/QATeam
276	testing/oneiric/alpha1	https://wiki.ubuntu.com/QATeam	https://wiki.ubuntu.com/OneiricOcelot/TechnicalOverview/Alpha1
277	testing/oneiric/alpha2	https://wiki.ubuntu.com/QATeam	https://wiki.ubuntu.com/OneiricOcelot/TechnicalOverview/Alpha2
278	testing/oneiric/alpha3	https://wiki.ubuntu.com/QATeam	https://wiki.ubuntu.com/OneiricOcelot/TechnicalOverview/Alpha3
280	testing/oneiric/beta1	https://wiki.ubuntu.com/QATeam	https://wiki.ubuntu.com/OneiricOcelot/TechnicalOverview/Beta1
281	testing/precise/alpha1	https://wiki.ubuntu.com/QATeam	https://wiki.ubuntu.com/PrecisePangolin/TechnicalOverview/Alpha1
282	testing/precise/alpha2	https://wiki.ubuntu.com/QATeam	https://wiki.ubuntu.com/PrecisePangolin/TechnicalOverview/Alpha2
283	testing/precise/beta1	https://wiki.ubuntu.com/QATeam	https://wiki.ubuntu.com/PrecisePangolin/TechnicalOverview/Beta1
284	testing/precise/beta2	https://wiki.ubuntu.com/QATeam	https://wiki.ubuntu.com/PrecisePangolin/TechnicalOverview/Beta2
285	testing/quantal/alpha1	https://wiki.ubuntu.com/QATeam	https://wiki.ubuntu.com/QuantalQuetzal/TechnicalOverview/Alpha1
286	testing/quantal/alpha2	https://wiki.ubuntu.com/QATeam	https://wiki.ubuntu.com/QuantalQuetzal/TechnicalOverview/Alpha2
296	taxonomy/term/1%202/0/feed	https://insights.ubuntu.com/	https://insights.ubuntu.com/feed
297	taxonomy/term/1+2/0/feed	https://insights.ubuntu.com/	https://insights.ubuntu.com/feed
298	taxonomy/term/1/0/feed	https://insights.ubuntu.com/	https://insights.ubuntu.com/feed
299	taxonomy/term/2/0/feed	https://insights.ubuntu.com/	https://insights.ubuntu.com/feed
306	taxonomy/term	http://0.0.0.0:8001/taxonomy/term	https://insights.ubuntu.com/
414	server/features/administration	http://0.0.0.0:8001/support/plans-and-pricing	http://0.0.0.0:8001/server/management
415	server/features/cloud	http://0.0.0.0:8001/server	http://0.0.0.0:8001/cloud
425	products/whatisubuntu/serveredition/cloud-old	http://0.0.0.0:8001/server	http://0.0.0.0:8001/cloud
426	products/whatisubuntu/serveredition/cloud	http://0.0.0.0:8001/server	http://0.0.0.0:8001/cloud
427	products/whatisubuntu/serveredition/cloud/UEC	http://0.0.0.0:8001/server	http://0.0.0.0:8001/cloud
428	products/whatisubuntu/serveredition/cloud/faq	http://0.0.0.0:8001/server	http://0.0.0.0:8001/cloud
429	products/whatisubuntu/serveredition/cloud/services	http://0.0.0.0:8001/server	http://0.0.0.0:8001/cloud
430	products/whatisubuntu/serveredition/cloud/services/assess	http://0.0.0.0:8001/server	http://0.0.0.0:8001/cloud
431	products/whatisubuntu/serveredition/cloud/services/audit	http://0.0.0.0:8001/server	http://0.0.0.0:8001/cloud
432	products/whatisubuntu/serveredition/cloud/services/deploy	http://0.0.0.0:8001/server	http://0.0.0.0:8001/cloud
433	products/whatisubuntu/serveredition/cloud/services/manage	http://0.0.0.0:8001/server	http://0.0.0.0:8001/cloud
434	products/whatisubuntu/serveredition/cloud/services/manage/landscape	http://0.0.0.0:8001/server	http://0.0.0.0:8001/cloud
435	products/whatisubuntu/serveredition/cloud/services/poc	http://0.0.0.0:8001/server	http://0.0.0.0:8001/cloud
436	products/whatisubuntu/serveredition/cloud/services/support	http://0.0.0.0:8001/server	http://0.0.0.0:8001/cloud
437	products/whatisubuntu/serveredition/cloud/services/train	http://0.0.0.0:8001/server	http://0.0.0.0:8001/cloud
438	products/whatisubuntu/serveredition/cloud/uec-old	http://0.0.0.0:8001/server	http://0.0.0.0:8001/cloud
440	products/whatisubuntu/serveredition/cloud/videos	http://0.0.0.0:8001/server	http://0.0.0.0:8001/cloud
441	products/whatisubuntu/serveredition/ Ubuntu Server	http://0.0.0.0:8001/products/whatisubuntu/serveredition/ Ubuntu Server	http://0.0.0.0:8001/server
452	products/whatisubuntu/serveredition/features/ec2	http://0.0.0.0:8001/server	http://0.0.0.0:8001/cloud/public-cloud
498	products/casestudies/Andalusia deploys 220,000 Ubuntu desktops in schools throughout the region	http://0.0.0.0:8001/products/casestudies/Andalusia deploys 220,000 Ubuntu desktops in schools throughout the region	https://insights.ubuntu.com/case-studies/
543	netbook/features	http://0.0.0.0:8001/desktop	http://0.0.0.0:8001/desktop/features
544	netbook/get-ubuntu	http://0.0.0.0:8001/desktop	http://0.0.0.0:8001/download/desktop
545	netbook/get-ubuntu/alternative-download	http://0.0.0.0:8001/desktop	http://0.0.0.0:8001/download/desktop
546	netbook/get-ubuntu/download	http://0.0.0.0:8001/desktop	http://0.0.0.0:8001/download/desktop
547	netbook/get-ubuntu/upgrade	http://0.0.0.0:8001/desktop	https://tutorials.ubuntu.com/tutorial/tutorial-upgrading-ubuntu-desktop
548	netbook/get	http://0.0.0.0:8001/desktop	http://0.0.0.0:8001/download/desktop
549	netbook/how-can-it-be-free	http://0.0.0.0:8001/desktop	http://0.0.0.0:8001/download/desktop
550	netbookp/get-ubuntu/download	http://0.0.0.0:8001/desktop	http://0.0.0.0:8001/download/desktop
551	partner/occs	https://partners.ubuntu.com/	https://partners.ubuntu.com/ibm
553	partners/IHV	https://partners.ubuntu.com/	https://partners.ubuntu.com/programmes/hardware
554	partners/ISV	https://partners.ubuntu.com/	https://partners.ubuntu.com/programmes/software
555	partners/ISV/benefits	https://partners.ubuntu.com/	https://partners.ubuntu.com/programmes/software
556	partners/SolutionProvider/benefits	https://partners.ubuntu.com/	https://partners.ubuntu.com/programmes/reseller
558	partners/arm	https://partners.ubuntu.com/	https://partners.ubuntu.com/arm
559	partners/asus	https://partners.ubuntu.com/	https://partners.ubuntu.com/asus
560	partners/backed-by-canonical	https://partners.ubuntu.com/	https://partners.ubuntu.com/partnering-with-us
562	partners/casestudies	https://partners.ubuntu.com/	https://insights.ubuntu.com/case-studies
566	partners/certified-software	https://partners.ubuntu.com/	https://partners.ubuntu.com/programmes/software
568	partners/contact-us	https://partners.ubuntu.com/	https://partners.ubuntu.com/contact-us
569	partners/dell	https://partners.ubuntu.com/	https://partners.ubuntu.com/dell
570	partners/dell/dellxps	https://partners.ubuntu.com/	https://partners.ubuntu.com/dell
572	partners/faq	https://partners.ubuntu.com/	https://partners.ubuntu.com/programmes/software
573	partners/featured-partners/arm	https://partners.ubuntu.com/	https://partners.ubuntu.com/arm
574	partners/find-a-partner	https://partners.ubuntu.com/	https://partners.ubuntu.com/find-a-partner
575	partners/find-a-partner/hardware	https://partners.ubuntu.com/	https://partners.ubuntu.com/programmes/hardware
576	partners/find-a-partner/isv	https://partners.ubuntu.com/	https://partners.ubuntu.com/programmes/software
577	partners/find-a-partner/oem	https://partners.ubuntu.com/	https://partners.ubuntu.com/find-a-partner
578	partners/find-a-partner/reseller	https://partners.ubuntu.com/	https://partners.ubuntu.com/programmes/reseller
579	partners/find	https://partners.ubuntu.com/	https://partners.ubuntu.com/find-a-partner
580	partners/findapartner	https://partners.ubuntu.com/	https://partners.ubuntu.com/find-a-partner
584	partners/hardwareprogramme	https://partners.ubuntu.com/	https://partners.ubuntu.com/programmes/hardware
586	partners/ibm	https://partners.ubuntu.com/	https://partners.ubuntu.com/ibm
587	partners/ibm/db2	https://partners.ubuntu.com/	https://partners.ubuntu.com/ibm
588	partners/icsw	https://partners.ubuntu.com/	https://partners.ubuntu.com/programmes/software
590	partners/isv	https://partners.ubuntu.com/	https://partners.ubuntu.com/programmes/software
591	partners/marketplace/join	https://partners.ubuntu.com/	https://partners.ubuntu.com/programmes/software
592	partners/morepartnerinformation	https://partners.ubuntu.com/	https://partners.ubuntu.com/programmes/software
593	partners/occs	https://partners.ubuntu.com/	https://partners.ubuntu.com/ibm
594	partners/partner-programmes	https://partners.ubuntu.com/	https://partners.ubuntu.com/programmes
598	partners/programme	https://partners.ubuntu.com/	https://partners.ubuntu.com/programmes
599	partners/programmetracks	https://partners.ubuntu.com/	https://partners.ubuntu.com/programmes
600	partners/silver	https://partners.ubuntu.com/	https://partners.ubuntu.com/programmes
601	partners/softwareprogramme	https://partners.ubuntu.com/	https://partners.ubuntu.com/programmes/software
604	partners/systembuilder	https://partners.ubuntu.com/	https://partners.ubuntu.com/programmes/reseller
605	partners/systembuilder/benefits	https://partners.ubuntu.com/	https://partners.ubuntu.com/programmes/reseller
606	partners/training	https://partners.ubuntu.com/	http://0.0.0.0:8001/cloud/training
607	partners/training/certificationcourses	https://partners.ubuntu.com/	http://0.0.0.0:8001/cloud/training
610	partners/training/certificationcourses/user	https://partners.ubuntu.com/	http://0.0.0.0:8001/cloud/training
611	partners/training/contact	https://partners.ubuntu.com/	http://0.0.0.0:8001/cloud/training
612	partners/training/course_locator	https://partners.ubuntu.com/	http://0.0.0.0:8001/cloud/training
614	partners/trainingpartner	https://partners.ubuntu.com/	http://0.0.0.0:8001/cloud/training
682	contact-us/	http://0.0.0.0:8001/about/contact-us	http://0.0.0.0:8001/contact-us
773	/bootstack	http://0.0.0.0:8001//bootstack	http://0.0.0.0:8001/bootstack
797	/developer-terms-and-conditions/	http://0.0.0.0:8001//developer-terms-and-conditions	http://0.0.0.0:8001/developer-terms-and-conditions
802	intellectual-property-policy/	http://0.0.0.0:8001/legal/terms-and-policies/intellectual-property-policy	http://0.0.0.0:8001/intellectual-property-policy
804	privacy-policy/	http://0.0.0.0:8001/legal/terms-and-policies/privacy-policy	http://0.0.0.0:8001/privacy-policy
807	/ubuntu-advantage/	http://0.0.0.0:8001//ubuntu-advantage	http://0.0.0.0:8001/ubuntu-advantage
823	maas/	http://0.0.0.0:8001/server/maas	http://0.0.0.0:8001/maas
