interactions:
- request:
    body: null
    headers:
      Accept:
      - '*/*'
      Accept-Encoding:
      - gzip, deflate
      Connection:
      - keep-alive
      User-Agent:
      - python-requests/2.25.1
    method: GET
    uri: https://certification.canonical.com/api/v1/certifiedreleases/?format=json&limit=0
  response:
    body:
      string: '{"meta": {"limit": 1000, "next": null, "offset": 0, "previous": null,
        "total_count": 7}, "objects": [{"desktops": 69, "laptops": 110, "release":
        "20.04 LTS", "resource_uri": "/api/v1/certifiedreleases/20.04%20LTS/", "servers":
        255, "smart_core": 11, "soc": 3, "total": 449}, {"desktops": 0, "laptops":
        0, "release": "Core 20", "resource_uri": "/api/v1/certifiedreleases/Core%2020/",
        "servers": 0, "smart_core": 7, "soc": 0, "total": 7}, {"desktops": 1, "laptops":
        0, "release": "Core 18", "resource_uri": "/api/v1/certifiedreleases/Core%2018/",
        "servers": 0, "smart_core": 13, "soc": 0, "total": 14}, {"desktops": 115,
        "laptops": 254, "release": "18.04 LTS", "resource_uri": "/api/v1/certifiedreleases/18.04%20LTS/",
        "servers": 371, "smart_core": 6, "soc": 8, "total": 756}, {"desktops": 0,
        "laptops": 0, "release": "16.04 LTS", "resource_uri": "/api/v1/certifiedreleases/16.04%20LTS/",
        "servers": 430, "smart_core": 2, "soc": 6, "total": 438}, {"desktops": 0,
        "laptops": 0, "release": "Core 16", "resource_uri": "/api/v1/certifiedreleases/Core%2016/",
        "servers": 0, "smart_core": 10, "soc": 0, "total": 10}, {"desktops": 0, "laptops":
        0, "release": "14.04 LTS", "resource_uri": "/api/v1/certifiedreleases/14.04%20LTS/",
        "servers": 326, "smart_core": 0, "soc": 3, "total": 329}]}'
    headers:
      Cache-Control:
      - no-cache
      Connection:
      - Keep-Alive
      Content-Length:
      - '1279'
      Content-Type:
      - application/json
      Date:
      - Mon, 24 May 2021 15:00:29 GMT
      Keep-Alive:
      - timeout=5, max=100
      Server:
      - gunicorn/19.9.0
      Strict-Transport-Security:
      - max-age=2592000
      Vary:
      - Accept,Cookie
    status:
      code: 200
      message: OK
- request:
    body: null
    headers:
      Accept:
      - '*/*'
      Accept-Encoding:
      - gzip, deflate
      Connection:
      - keep-alive
      User-Agent:
      - python-requests/2.25.1
    method: GET
    uri: https://certification.canonical.com/api/v1/certifiedmakes/?format=json&limit=0
  response:
    body:
      string: '{"meta": {"limit": 1000, "next": null, "offset": 0, "previous": null,
        "total_count": 33}, "objects": [{"desktops": 73, "laptops": 248, "make": "Dell",
        "resource_uri": "/api/v1/certifiedmakes/Dell/", "servers": 0, "smart_core":
        4, "soc": 0, "total": 326}, {"desktops": 59, "laptops": 81, "make": "Lenovo",
        "resource_uri": "/api/v1/certifiedmakes/Lenovo/", "servers": 91, "smart_core":
        0, "soc": 0, "total": 231}, {"desktops": 0, "laptops": 0, "make": "Supermicro",
        "resource_uri": "/api/v1/certifiedmakes/Supermicro/", "servers": 151, "smart_core":
        0, "soc": 0, "total": 151}, {"desktops": 0, "laptops": 0, "make": "Dell EMC",
        "resource_uri": "/api/v1/certifiedmakes/Dell%20EMC/", "servers": 122, "smart_core":
        0, "soc": 0, "total": 122}, {"desktops": 0, "laptops": 0, "make": "IBM", "resource_uri":
        "/api/v1/certifiedmakes/IBM/", "servers": 80, "smart_core": 0, "soc": 0, "total":
        80}, {"desktops": 0, "laptops": 0, "make": "Huawei Technologies Co., Ltd.",
        "resource_uri": "/api/v1/certifiedmakes/Huawei%20Technologies%20Co.,%20Ltd./",
        "servers": 66, "smart_core": 0, "soc": 6, "total": 72}, {"desktops": 0, "laptops":
        0, "make": "QUANTA Computer Inc", "resource_uri": "/api/v1/certifiedmakes/QUANTA%20Computer%20Inc/",
        "servers": 65, "smart_core": 0, "soc": 0, "total": 65}, {"desktops": 46, "laptops":
        17, "make": "HP", "resource_uri": "/api/v1/certifiedmakes/HP/", "servers":
        0, "smart_core": 0, "soc": 0, "total": 63}, {"desktops": 0, "laptops": 0,
        "make": "HPE", "resource_uri": "/api/v1/certifiedmakes/HPE/", "servers": 57,
        "smart_core": 0, "soc": 0, "total": 57}, {"desktops": 0, "laptops": 0, "make":
        "Fujitsu Limited.", "resource_uri": "/api/v1/certifiedmakes/Fujitsu%20Limited./",
        "servers": 53, "smart_core": 0, "soc": 0, "total": 53}, {"desktops": 0, "laptops":
        0, "make": "Cisco UCS", "resource_uri": "/api/v1/certifiedmakes/Cisco%20UCS/",
        "servers": 51, "smart_core": 0, "soc": 0, "total": 51}, {"desktops": 0, "laptops":
        0, "make": "NEC Corporation", "resource_uri": "/api/v1/certifiedmakes/NEC%20Corporation/",
        "servers": 42, "smart_core": 0, "soc": 0, "total": 42}, {"desktops": 0, "laptops":
        0, "make": "ASUSTeK Computer Inc.", "resource_uri": "/api/v1/certifiedmakes/ASUSTeK%20Computer%20Inc./",
        "servers": 22, "smart_core": 0, "soc": 0, "total": 22}, {"desktops": 0, "laptops":
        0, "make": "New H3C Technologies Co., Ltd", "resource_uri": "/api/v1/certifiedmakes/New%20H3C%20Technologies%20Co.,%20Ltd/",
        "servers": 18, "smart_core": 0, "soc": 0, "total": 18}, {"desktops": 0, "laptops":
        0, "make": "Inspur Electronic Information Industry Co., Ltd.", "resource_uri":
        "/api/v1/certifiedmakes/Inspur%20Electronic%20Information%20Industry%20Co.,%20Ltd./",
        "servers": 14, "smart_core": 0, "soc": 0, "total": 14}, {"desktops": 0, "laptops":
        0, "make": "Raspberry Pi Foundation", "resource_uri": "/api/v1/certifiedmakes/Raspberry%20Pi%20Foundation/",
        "servers": 0, "smart_core": 13, "soc": 0, "total": 13}, {"desktops": 0, "laptops":
        0, "make": "Ericsson, Inc.", "resource_uri": "/api/v1/certifiedmakes/Ericsson,%20Inc./",
        "servers": 11, "smart_core": 0, "soc": 0, "total": 11}, {"desktops": 1, "laptops":
        0, "make": "Intel Corp.", "resource_uri": "/api/v1/certifiedmakes/Intel%20Corp./",
        "servers": 0, "smart_core": 6, "soc": 0, "total": 7}, {"desktops": 0, "laptops":
        0, "make": "Kontron", "resource_uri": "/api/v1/certifiedmakes/Kontron/", "servers":
        7, "smart_core": 0, "soc": 0, "total": 7}, {"desktops": 0, "laptops": 0, "make":
        "Open Compute Project", "resource_uri": "/api/v1/certifiedmakes/Open%20Compute%20Project/",
        "servers": 5, "smart_core": 0, "soc": 0, "total": 5}, {"desktops": 0, "laptops":
        0, "make": "Cavium, Inc.", "resource_uri": "/api/v1/certifiedmakes/Cavium,%20Inc./",
        "servers": 3, "smart_core": 0, "soc": 2, "total": 5}, {"desktops": 0, "laptops":
        0, "make": "nVidia", "resource_uri": "/api/v1/certifiedmakes/nVidia/", "servers":
        3, "smart_core": 0, "soc": 0, "total": 4}, {"desktops": 0, "laptops": 0, "make":
        "Applied Micro Circuits Corp.", "resource_uri": "/api/v1/certifiedmakes/Applied%20Micro%20Circuits%20Corp./",
        "servers": 1, "smart_core": 0, "soc": 3, "total": 4}, {"desktops": 0, "laptops":
        0, "make": "DFI", "resource_uri": "/api/v1/certifiedmakes/DFI/", "servers":
        0, "smart_core": 3, "soc": 0, "total": 3}, {"desktops": 0, "laptops": 0, "make":
        "Qualcomm Inc", "resource_uri": "/api/v1/certifiedmakes/Qualcomm%20Inc/",
        "servers": 1, "smart_core": 1, "soc": 1, "total": 3}, {"desktops": 0, "laptops":
        0, "make": "Wiwynn", "resource_uri": "/api/v1/certifiedmakes/Wiwynn/", "servers":
        2, "smart_core": 0, "soc": 0, "total": 2}, {"desktops": 0, "laptops": 0, "make":
        "Penguin Computing", "resource_uri": "/api/v1/certifiedmakes/Penguin%20Computing/",
        "servers": 2, "smart_core": 0, "soc": 0, "total": 2}, {"desktops": 0, "laptops":
        0, "make": "Gigabyte", "resource_uri": "/api/v1/certifiedmakes/Gigabyte/",
        "servers": 2, "smart_core": 0, "soc": 0, "total": 2}, {"desktops": 0, "laptops":
        0, "make": "HITACHI", "resource_uri": "/api/v1/certifiedmakes/HITACHI/", "servers":
        1, "smart_core": 0, "soc": 0, "total": 1}, {"desktops": 0, "laptops": 0, "make":
        "Mellanox Technologies", "resource_uri": "/api/v1/certifiedmakes/Mellanox%20Technologies/",
        "servers": 0, "smart_core": 1, "soc": 0, "total": 1}, {"desktops": 0, "laptops":
        0, "make": "Rigado", "resource_uri": "/api/v1/certifiedmakes/Rigado/", "servers":
        0, "smart_core": 1, "soc": 0, "total": 1}, {"desktops": 0, "laptops": 0, "make":
        "Eurotech", "resource_uri": "/api/v1/certifiedmakes/Eurotech/", "servers":
        0, "smart_core": 1, "soc": 0, "total": 1}, {"desktops": 0, "laptops": 0, "make":
        "Interactive Strength Inc", "resource_uri": "/api/v1/certifiedmakes/Interactive%20Strength%20Inc/",
        "servers": 0, "smart_core": 1, "soc": 0, "total": 1}]}'
    headers:
      Cache-Control:
      - no-cache
      Connection:
      - Keep-Alive
      Content-Length:
      - '5747'
      Content-Type:
      - application/json
      Date:
      - Mon, 24 May 2021 15:00:29 GMT
      Keep-Alive:
      - timeout=5, max=99
      Server:
      - gunicorn/19.9.0
      Strict-Transport-Security:
      - max-age=2592000
      Vary:
      - Accept,Cookie
    status:
      code: 200
      message: OK
- request:
    body: null
    headers:
      Accept:
      - '*/*'
      Accept-Encoding:
      - gzip, deflate
      Connection:
      - keep-alive
      User-Agent:
      - python-requests/2.25.1
    method: GET
    uri: https://certification.canonical.com/api/v1/vendorsummaries/server/?format=json
  response:
    body:
      string: '{"vendors": [{"14.04 LTS": 31, "16.04 LTS": 68, "18.04 LTS": 93, "20.04
        LTS": 29, "releases": ["20.04 LTS", "18.04 LTS", "16.04 LTS", "14.04 LTS"],
        "total": 221, "vendor": "Supermicro"}, {"14.04 LTS": 64, "16.04 LTS": 48,
        "18.04 LTS": 47, "20.04 LTS": 40, "releases": ["20.04 LTS", "18.04 LTS", "16.04
        LTS", "14.04 LTS"], "total": 199, "vendor": "Dell EMC"}, {"14.04 LTS": 35,
        "16.04 LTS": 41, "18.04 LTS": 42, "20.04 LTS": 45, "releases": ["20.04 LTS",
        "18.04 LTS", "16.04 LTS", "14.04 LTS"], "total": 163, "vendor": "Lenovo"},
        {"14.04 LTS": 20, "16.04 LTS": 38, "18.04 LTS": 33, "20.04 LTS": 20, "releases":
        ["20.04 LTS", "18.04 LTS", "16.04 LTS", "14.04 LTS"], "total": 111, "vendor":
        "Huawei Technologies Co., Ltd."}, {"14.04 LTS": 25, "16.04 LTS": 37, "18.04
        LTS": 25, "20.04 LTS": 8, "releases": ["20.04 LTS", "18.04 LTS", "16.04 LTS",
        "14.04 LTS"], "total": 95, "vendor": "Fujitsu Limited."}, {"14.04 LTS": 28,
        "16.04 LTS": 25, "18.04 LTS": 20, "20.04 LTS": 22, "releases": ["20.04 LTS",
        "18.04 LTS", "16.04 LTS", "14.04 LTS"], "total": 95, "vendor": "Cisco UCS"},
        {"14.04 LTS": 23, "16.04 LTS": 32, "18.04 LTS": 15, "20.04 LTS": 8, "releases":
        ["20.04 LTS", "18.04 LTS", "16.04 LTS", "14.04 LTS"], "total": 78, "vendor":
        "QUANTA Computer Inc"}, {"14.04 LTS": 24, "16.04 LTS": 14, "18.04 LTS": 20,
        "20.04 LTS": 20, "releases": ["20.04 LTS", "18.04 LTS", "16.04 LTS", "14.04
        LTS"], "total": 78, "vendor": "HPE"}, {"14.04 LTS": 31, "16.04 LTS": 33, "18.04
        LTS": 11, "releases": ["18.04 LTS", "16.04 LTS", "14.04 LTS"], "total": 75,
        "vendor": "NEC Corporation"}, {"14.04 LTS": 20, "16.04 LTS": 21, "18.04 LTS":
        10, "20.04 LTS": 8, "releases": ["20.04 LTS", "18.04 LTS", "16.04 LTS", "14.04
        LTS"], "total": 59, "vendor": "IBM"}, {"14.04 LTS": 6, "16.04 LTS": 13, "18.04
        LTS": 9, "releases": ["18.04 LTS", "16.04 LTS", "14.04 LTS"], "total": 28,
        "vendor": "Ericsson, Inc."}, {"14.04 LTS": 5, "16.04 LTS": 13, "18.04 LTS":
        6, "20.04 LTS": 3, "releases": ["20.04 LTS", "18.04 LTS", "16.04 LTS", "14.04
        LTS"], "total": 27, "vendor": "Inspur Electronic Information Industry Co.,
        Ltd."}, {"18.04 LTS": 3, "20.04 LTS": 22, "releases": ["20.04 LTS", "18.04
        LTS"], "total": 25, "vendor": "ASUSTeK Computer Inc."}, {"16.04 LTS": 3, "18.04
        LTS": 12, "20.04 LTS": 9, "releases": ["20.04 LTS", "18.04 LTS", "16.04 LTS"],
        "total": 24, "vendor": "New H3C Technologies Co., Ltd"}, {"14.04 LTS": 1,
        "16.04 LTS": 7, "18.04 LTS": 5, "releases": ["18.04 LTS", "16.04 LTS", "14.04
        LTS"], "total": 13, "vendor": "Kontron"}, {"16.04 LTS": 1, "18.04 LTS": 3,
        "20.04 LTS": 3, "releases": ["20.04 LTS", "18.04 LTS", "16.04 LTS"], "total":
        7, "vendor": "nVidia"}, {"16.04 LTS": 3, "18.04 LTS": 3, "releases": ["18.04
        LTS", "16.04 LTS"], "total": 6, "vendor": "Cavium, Inc."}, {"14.04 LTS": 4,
        "16.04 LTS": 1, "releases": ["16.04 LTS", "14.04 LTS"], "total": 5, "vendor":
        "Open Compute Project"}, {"18.04 LTS": 2, "releases": ["18.04 LTS"], "total":
        2, "vendor": "Wiwynn"}, {"16.04 LTS": 1, "18.04 LTS": 1, "releases": ["18.04
        LTS", "16.04 LTS"], "total": 2, "vendor": "Gigabyte"}, {"16.04 LTS": 2, "releases":
        ["16.04 LTS"], "total": 2, "vendor": "Penguin Computing"}, {"14.04 LTS": 1,
        "releases": ["14.04 LTS"], "total": 1, "vendor": "Applied Micro Circuits Corp."},
        {"16.04 LTS": 1, "releases": ["16.04 LTS"], "total": 1, "vendor": "Qualcomm
        Inc"}, {"14.04 LTS": 1, "releases": ["14.04 LTS"], "total": 1, "vendor": "HITACHI"}]}'
    headers:
      Cache-Control:
      - no-cache
      Connection:
      - Keep-Alive
      Content-Length:
      - '3405'
      Content-Type:
      - application/json
      Date:
      - Mon, 24 May 2021 15:00:30 GMT
      Keep-Alive:
      - timeout=5, max=98
      Server:
      - gunicorn/19.9.0
      Strict-Transport-Security:
      - max-age=2592000
      Vary:
      - Accept,Cookie
    status:
      code: 200
      message: OK
version: 1
